2026-09-08 18:37:51,623 [INFO] [OddWineFixes.main]: Welcome to OddWineFixes v0.0.1 by TheOddPirate
2026-09-08 18:37:51,623 [INFO] [OddWineFixes.main]: A PE Analyser and Wine/Proton missing dependency/font fixer
2026-09-08 18:37:51,623 [INFO] [OddWineFixes.main]: License: LGPL-2.1-or-later
2026-09-08 18:38:37,714 [INFO] [OddWineFixes.main]: [+] Gattering data about the prefix and wine/proton usage....
2026-09-08 18:38:44,359 [INFO] [OddWineFixes.main]:  - Detected Wine/Proton version: CachyOS-11.0-100
2026-09-08 18:38:44,359 [INFO] [OddWineFixes.main]:  - Installed at: /home/theoddpirate/.local/share/Steam/compatibilitytools.d/Proton-CachyOS Latest
2026-09-08 18:38:44,359 [INFO] [OddWineFixes.main]:  - Version: Windows 11
2026-09-08 18:38:44,359 [INFO] [OddWineFixes.main]: [+] Scanning PE file for dependencies and buildin....
2026-09-08 18:38:44,359 [INFO] [OddWineFixes.oddwinefixes.pe_analyser.PEanlyser]: [+] Loading PEanalyser for: /home/theoddpirate/Downloads/Assassins Creed Black Flag Resynced v1.0-v1.0.x Plus 30 Trainer Updated 2026.09.02.exe
2026-09-08 18:38:44,363 [INFO] [OddWineFixes.oddwinefixes.pe_analyser.PEanlyser]: [✓] All game-bundled DLLs found on disk.
2026-09-08 18:38:44,397 [INFO] [OddWineFixes.main]:  - Detected build year: 2026
2026-09-08 18:38:44,397 [INFO] [OddWineFixes.main]: [+] Checking prefix for missing dependencies for: mscoree.dll
2026-09-08 18:38:44,397 [INFO] [OddWineFixes.main]: [+] Analyzing mscoree.dll:
2026-09-08 18:38:44,397 [INFO] [OddWineFixes.main]:  - Installed in prefix: None
2026-09-08 18:38:44,397 [INFO] [OddWineFixes.main]:  - Available options in Winetricks: dotnetdesktop9, dotnetdesktop8, dotnetdesktop7, dotnetdesktop6, dotnetdesktop10, dotnet9, dotnet8, dotnet7, dotnet6, dotnet48, dotnet472, dotnet471, dotnet462, dotnet461, dotnet46, dotnet452, dotnet45, dotnet40, dotnet35, dotnet30, dotnet20, dotnet11, dotnet10
2026-09-08 18:38:44,397 [INFO] [OddWineFixes.main]: Missing/Alternative candidate packages:
2026-09-08 18:38:44,397 [INFO] [OddWineFixes.main]:  - mscoree.dll -> Available verbs: dotnet9, dotnet8, dotnet7, dotnet6, dotnet48, dotnet472, dotnet471, dotnet462, dotnet461, dotnet46, dotnet452, dotnet45, dotnet40, dotnet35, dotnet30, dotnet20, dotnet11, dotnetdesktop9, dotnetdesktop8, dotnetdesktop7, dotnetdesktop6, dotnetdesktop10, dotnet10
2026-09-08 18:56:04,005 [INFO] [OddWineFixes.main]: Welcome to OddWineFixes v0.0.1 by TheOddPirate
2026-09-08 18:56:04,005 [INFO] [OddWineFixes.main]: A PE Analyser and Wine/Proton missing dependency/font fixer
2026-09-08 18:56:04,005 [INFO] [OddWineFixes.main]: License: LGPL-2.1-or-later
2026-09-08 18:56:39,575 [INFO] [OddWineFixes.main]: [+] Gattering data about the prefix and wine/proton usage....
2026-09-08 18:56:43,462 [INFO] [OddWineFixes.main]:  - Detected Wine/Proton version: CachyOS-11.0-100
2026-09-08 18:56:43,462 [INFO] [OddWineFixes.main]:  - Installed at: /home/theoddpirate/.local/share/Steam/compatibilitytools.d/Proton-CachyOS Latest
2026-09-08 18:56:43,462 [INFO] [OddWineFixes.main]:  - Version: Windows 11
2026-09-08 18:56:43,462 [INFO] [OddWineFixes.main]: [+] Scanning PE file for dependencies and buildin....
2026-09-08 18:56:43,462 [INFO] [OddWineFixes.oddwinefixes.pe_analyser.PEanlyser]: [+] Loading PEanalyser for: /home/theoddpirate/Games/SteamLibrary/steamapps/common/Crimson Desert/bin64/CrimsonDesert.exe
2026-09-08 18:56:43,477 [INFO] [OddWineFixes.oddwinefixes.pe_analyser.PEanlyser]: [✓] All game-bundled DLLs found on disk.
2026-09-08 18:56:51,100 [INFO] [OddWineFixes.main]:  - Detected build year: 2026
2026-09-08 18:56:51,100 [INFO] [OddWineFixes.main]: [+] Checking prefix for missing dependencies for: vcruntime140.dll, msvcp140.dll, vcruntime140_1.dll
2026-09-08 18:56:51,100 [INFO] [OddWineFixes.main]: [+] Analyzing vcruntime140.dll:
2026-09-08 18:56:51,101 [INFO] [OddWineFixes.main]:  - Installed in prefix: None
2026-09-08 18:56:51,101 [INFO] [OddWineFixes.main]:  - Available options in Winetricks: vcrun6sp6, vcrun6, vcrun2026, vcrun2022, vcrun2019, vcrun2017, vcrun2015, vcrun2013, vcrun2012, vcrun2010, vcrun2008, vcrun2005, vcrun2003
2026-09-08 18:56:51,101 [INFO] [OddWineFixes.main]: [+] Analyzing msvcp140.dll:
2026-09-08 18:56:51,101 [INFO] [OddWineFixes.main]:  - Installed in prefix: None
2026-09-08 18:56:51,101 [INFO] [OddWineFixes.main]:  - Available options in Winetricks: vcrun6sp6, vcrun6, vcrun2026, vcrun2022, vcrun2019, vcrun2017, vcrun2015, vcrun2013, vcrun2012, vcrun2010, vcrun2008, vcrun2005, vcrun2003
2026-09-08 18:56:51,101 [INFO] [OddWineFixes.main]: [+] Analyzing vcruntime140_1.dll:
2026-09-08 18:56:51,101 [INFO] [OddWineFixes.main]:  - Installed in prefix: None
2026-09-08 18:56:51,101 [INFO] [OddWineFixes.main]:  - Available options in Winetricks: vcrun6sp6, vcrun6, vcrun2026, vcrun2022, vcrun2019, vcrun2017, vcrun2015, vcrun2013, vcrun2012, vcrun2010, vcrun2008, vcrun2005, vcrun2003
2026-09-08 18:56:51,101 [INFO] [OddWineFixes.main]: Missing/Alternative candidate packages:
2026-09-08 18:56:51,101 [INFO] [OddWineFixes.main]:  - vcruntime140.dll -> Available verbs: vcrun2026, vcrun2022, vcrun2019, vcrun2017, vcrun2015, vcrun2013, vcrun2012, vcrun2010, vcrun2008, vcrun2005, vcrun2003, vcrun6sp6, vcrun6
2026-09-08 18:56:51,101 [INFO] [OddWineFixes.main]:  - msvcp140.dll -> Available verbs: vcrun2026, vcrun2022, vcrun2019, vcrun2017, vcrun2015, vcrun2013, vcrun2012, vcrun2010, vcrun2008, vcrun2005, vcrun2003, vcrun6sp6, vcrun6
2026-09-08 18:56:51,101 [INFO] [OddWineFixes.main]:  - vcruntime140_1.dll -> Available verbs: vcrun2026, vcrun2022, vcrun2019, vcrun2017, vcrun2015, vcrun2013, vcrun2012, vcrun2010, vcrun2008, vcrun2005, vcrun2003, vcrun6sp6, vcrun6
2026-09-08 18:57:49,694 [INFO] [OddWineFixes.main]: Welcome to OddWineFixes v0.0.1 by TheOddPirate
2026-09-08 18:57:49,694 [INFO] [OddWineFixes.main]: A PE Analyser and Wine/Proton missing dependency/font fixer
2026-09-08 18:57:49,694 [INFO] [OddWineFixes.main]: License: LGPL-2.1-or-later
2026-09-08 18:57:49,694 [INFO] [OddWineFixes.main]: [+] Gattering data about the prefix and wine/proton usage....
2026-09-08 18:57:49,695 [INFO] [OddWineFixes.oddwinefixes.wine_analyser.WineEnvironment]: setting wine to:/home/theoddpirate/.local/share/Steam/compatibilitytools.d/Proton-CachyOS Latest/files/bin/wine
2026-09-08 18:57:49,695 [INFO] [OddWineFixes.oddwinefixes.wine_analyser.WineEnvironment]: setting wineserver to:/home/theoddpirate/.local/share/Steam/compatibilitytools.d/Proton-CachyOS Latest/files/bin/wineserver
2026-09-08 18:57:49,695 [INFO] [OddWineFixes.oddwinefixes.wine_analyser.WineEnvironment]: setting winecfg to:/home/theoddpirate/.local/share/Steam/compatibilitytools.d/Proton-CachyOS Latest/files/lib/wine/i386-windows/winecfg.exe
2026-09-08 18:57:49,695 [INFO] [OddWineFixes.oddwinefixes.wine_analyser.WineEnvironment]: setting winetricks to:/home/theoddpirate/.local/share/Steam/compatibilitytools.d/Proton-CachyOS Latest/protonfixes/winetricks
2026-09-08 18:57:53,833 [INFO] [OddWineFixes.main]:  - Detected Wine/Proton version: CachyOS-11.0-100
2026-09-08 18:57:53,833 [INFO] [OddWineFixes.main]:  - Installed at: /home/theoddpirate/.local/share/Steam/compatibilitytools.d/Proton-CachyOS Latest
2026-09-08 18:57:53,833 [INFO] [OddWineFixes.main]:  - Version: Windows 11
2026-09-08 18:57:53,833 [INFO] [OddWineFixes.main]: [+] Scanning PE file for dependencies and buildin....
2026-09-08 18:57:53,833 [INFO] [OddWineFixes.oddwinefixes.pe_analyser.PEanlyser]: [+] Loading PEanalyser for: /mnt/Games/SteamLibrary/steamapps/common/Crimson Desert/bin64/CrimsonDesert.exe
2026-09-08 18:57:53,847 [INFO] [OddWineFixes.oddwinefixes.pe_analyser.PEanlyser]: [✓] All game-bundled DLLs found on disk.
2026-09-08 18:58:01,306 [INFO] [OddWineFixes.main]:  - Detected build year: 2026
2026-09-08 18:58:01,306 [INFO] [OddWineFixes.main]: [+] Checking prefix for missing dependencies for: vcruntime140.dll, vcruntime140_1.dll, msvcp140.dll
2026-09-08 18:58:01,306 [INFO] [OddWineFixes.main]: [+] Analyzing vcruntime140.dll:
2026-09-08 18:58:01,306 [INFO] [OddWineFixes.main]:  - Installed in prefix: ['vcrun2022']
2026-09-08 18:58:01,306 [INFO] [OddWineFixes.main]:  - Available options in Winetricks: vcrun6sp6, vcrun6, vcrun2026, vcrun2019, vcrun2017, vcrun2015, vcrun2013, vcrun2012, vcrun2010, vcrun2008, vcrun2005, vcrun2003
2026-09-08 18:58:01,306 [INFO] [OddWineFixes.main]: [+] Analyzing vcruntime140_1.dll:
2026-09-08 18:58:01,306 [INFO] [OddWineFixes.main]:  - Installed in prefix: ['vcrun2022']
2026-09-08 18:58:01,306 [INFO] [OddWineFixes.main]:  - Available options in Winetricks: vcrun6sp6, vcrun6, vcrun2026, vcrun2019, vcrun2017, vcrun2015, vcrun2013, vcrun2012, vcrun2010, vcrun2008, vcrun2005, vcrun2003
2026-09-08 18:58:01,306 [INFO] [OddWineFixes.main]: [+] Analyzing msvcp140.dll:
2026-09-08 18:58:01,306 [INFO] [OddWineFixes.main]:  - Installed in prefix: ['vcrun2022']
2026-09-08 18:58:01,306 [INFO] [OddWineFixes.main]:  - Available options in Winetricks: vcrun6sp6, vcrun6, vcrun2026, vcrun2019, vcrun2017, vcrun2015, vcrun2013, vcrun2012, vcrun2010, vcrun2008, vcrun2005, vcrun2003
2026-09-08 18:58:01,306 [INFO] [OddWineFixes.main]: [+] All detected DLLs already have a matching runtime installed:
2026-09-08 18:58:01,306 [INFO] [OddWineFixes.main]:  - vcruntime140.dll -> Found in prefix: vcrun2022
2026-09-08 18:58:01,307 [INFO] [OddWineFixes.main]:  - vcruntime140_1.dll -> Found in prefix: vcrun2022
2026-09-08 18:58:01,307 [INFO] [OddWineFixes.main]:  - msvcp140.dll -> Found in prefix: vcrun2022
2026-09-08 18:58:01,307 [INFO] [OddWineFixes.oddwinefixes.wine_analyser.WineTester]: [>] Launching CrimsonDesert.exe with Wine...
2026-09-08 18:59:17,371 [INFO] [OddWineFixes.main]: Welcome to OddWineFixes v0.0.1 by TheOddPirate
2026-09-08 18:59:17,371 [INFO] [OddWineFixes.main]: A PE Analyser and Wine/Proton missing dependency/font fixer
2026-09-08 18:59:17,371 [INFO] [OddWineFixes.main]: License: LGPL-2.1-or-later
2026-09-08 18:59:17,371 [INFO] [OddWineFixes.main]: [+] Gattering data about the prefix and wine/proton usage....
2026-09-08 18:59:17,371 [INFO] [OddWineFixes.oddwinefixes.wine_analyser.WineEnvironment]: setting wine to:/home/theoddpirate/.local/share/Steam/compatibilitytools.d/Proton-CachyOS Latest/files/bin/wine
2026-09-08 18:59:17,371 [INFO] [OddWineFixes.oddwinefixes.wine_analyser.WineEnvironment]: setting wineserver to:/home/theoddpirate/.local/share/Steam/compatibilitytools.d/Proton-CachyOS Latest/files/bin/wineserver
2026-09-08 18:59:17,371 [INFO] [OddWineFixes.oddwinefixes.wine_analyser.WineEnvironment]: setting winecfg to:/home/theoddpirate/.local/share/Steam/compatibilitytools.d/Proton-CachyOS Latest/files/lib/wine/i386-windows/winecfg.exe
2026-09-08 18:59:17,371 [INFO] [OddWineFixes.oddwinefixes.wine_analyser.WineEnvironment]: setting winetricks to:/home/theoddpirate/.local/share/Steam/compatibilitytools.d/Proton-CachyOS Latest/protonfixes/winetricks
2026-09-08 18:59:21,426 [INFO] [OddWineFixes.main]:  - Detected Wine/Proton version: CachyOS-11.0-100
2026-09-08 18:59:21,427 [INFO] [OddWineFixes.main]:  - Installed at: /home/theoddpirate/.local/share/Steam/compatibilitytools.d/Proton-CachyOS Latest
2026-09-08 18:59:21,427 [INFO] [OddWineFixes.main]:  - Version: Windows 11
2026-09-08 18:59:21,427 [INFO] [OddWineFixes.main]: [+] Scanning PE file for dependencies and buildin....
2026-09-08 18:59:21,427 [INFO] [OddWineFixes.oddwinefixes.pe_analyser.PEanlyser]: [+] Loading PEanalyser for: /mnt/Games/SteamLibrary/steamapps/common/Crimson Desert/bin64/CrimsonDesert.exe
2026-09-08 18:59:21,441 [INFO] [OddWineFixes.oddwinefixes.pe_analyser.PEanlyser]: [✓] All game-bundled DLLs found on disk.
2026-09-08 18:59:28,896 [INFO] [OddWineFixes.oddwinefixes.pe_analyser.PEanlyser]: All imports (total): 84 items
2026-09-08 18:59:28,896 [INFO] [OddWineFixes.oddwinefixes.pe_analyser.PEanlyser]: OS/Wine DLLs (ignored): 71 items
2026-09-08 18:59:28,896 [INFO] [OddWineFixes.oddwinefixes.pe_analyser.PEanlyser]: Game Bundled DLLs: {'sentry.dll', 'sl.interposer.dll', 'steam_api64.dll', 'libpng18.dll', 'libxess.dll', 'amd_fidelityfx_loader_dx12.dll', 'libxell.dll', 'libxess_fg.dll', 'amd_ags_x64.dll'}
2026-09-08 18:59:28,896 [INFO] [OddWineFixes.oddwinefixes.pe_analyser.PEanlyser]: Custom/External DLLs (Needs mapping): {'msvcp140.dll', 'vcruntime140.dll', 'vcruntime140_1.dll'}
2026-09-08 18:59:28,896 [INFO] [OddWineFixes.oddwinefixes.pe_analyser.PEanlyser]: Custom DLLs found on disk (Reclassified): set()
2026-09-08 18:59:28,896 [INFO] [OddWineFixes.oddwinefixes.pe_analyser.PEanlyser]: Graphics API: set()
2026-09-08 18:59:28,896 [INFO] [OddWineFixes.oddwinefixes.pe_analyser.PEanlyser]: Media frameworks: {'mfplat.dll'}
2026-09-08 18:59:28,896 [INFO] [OddWineFixes.oddwinefixes.pe_analyser.PEanlyser]: Architecture: x64
2026-09-08 18:59:28,896 [INFO] [OddWineFixes.oddwinefixes.pe_analyser.PEanlyser]: Is packed or encrypted? False
2026-09-08 18:59:28,896 [INFO] [OddWineFixes.oddwinefixes.pe_analyser.PEanlyser]: Is .NET? False
2026-09-08 18:59:28,896 [INFO] [OddWineFixes.oddwinefixes.pe_analyser.PEanlyser]: Min Windows version: win_v6.0
2026-09-08 18:59:28,896 [INFO] [OddWineFixes.oddwinefixes.pe_analyser.PEanlyser]: Version info metadata: {'CompanyName': 'PearlAbyss', 'FileDescription': 'Crimson Desert', 'FileVersion': '1.0.0.2760', 'LegalCopyright': 'Copyright ⓒ 2026 PearlAbyss', 'ProductName': 'Crimson Desert', 'ProductVersion': '1.0.0.2760'}
2026-09-08 18:59:28,896 [INFO] [OddWineFixes.oddwinefixes.pe_analyser.PEanlyser]: Determined build year: 2026
2026-09-08 18:59:28,896 [INFO] [OddWineFixes.main]:  - Detected build year: 2026
2026-09-08 18:59:28,896 [INFO] [OddWineFixes.main]: [+] Checking prefix for missing dependencies for: msvcp140.dll, vcruntime140.dll, vcruntime140_1.dll
2026-09-08 18:59:28,896 [INFO] [OddWineFixes.main]: [+] Analyzing msvcp140.dll:
2026-09-08 18:59:28,896 [INFO] [OddWineFixes.main]:  - Installed in prefix: ['vcrun2022']
2026-09-08 18:59:28,896 [INFO] [OddWineFixes.main]:  - Available options in Winetricks: vcrun6sp6, vcrun6, vcrun2026, vcrun2019, vcrun2017, vcrun2015, vcrun2013, vcrun2012, vcrun2010, vcrun2008, vcrun2005, vcrun2003
2026-09-08 18:59:28,896 [INFO] [OddWineFixes.main]: [+] Analyzing vcruntime140.dll:
2026-09-08 18:59:28,896 [INFO] [OddWineFixes.main]:  - Installed in prefix: ['vcrun2022']
2026-09-08 18:59:28,896 [INFO] [OddWineFixes.main]:  - Available options in Winetricks: vcrun6sp6, vcrun6, vcrun2026, vcrun2019, vcrun2017, vcrun2015, vcrun2013, vcrun2012, vcrun2010, vcrun2008, vcrun2005, vcrun2003
2026-09-08 18:59:28,897 [INFO] [OddWineFixes.main]: [+] Analyzing vcruntime140_1.dll:
2026-09-08 18:59:28,897 [INFO] [OddWineFixes.main]:  - Installed in prefix: ['vcrun2022']
2026-09-08 18:59:28,897 [INFO] [OddWineFixes.main]:  - Available options in Winetricks: vcrun6sp6, vcrun6, vcrun2026, vcrun2019, vcrun2017, vcrun2015, vcrun2013, vcrun2012, vcrun2010, vcrun2008, vcrun2005, vcrun2003
2026-09-08 18:59:28,897 [INFO] [OddWineFixes.main]: [+] All detected DLLs already have a matching runtime installed:
2026-09-08 18:59:28,897 [INFO] [OddWineFixes.main]:  - msvcp140.dll -> Found in prefix: vcrun2022
2026-09-08 18:59:28,897 [INFO] [OddWineFixes.main]:  - vcruntime140.dll -> Found in prefix: vcrun2022
2026-09-08 18:59:28,897 [INFO] [OddWineFixes.main]:  - vcruntime140_1.dll -> Found in prefix: vcrun2022
2026-09-08 18:59:28,897 [INFO] [OddWineFixes.oddwinefixes.wine_analyser.WineTester]: [>] Launching CrimsonDesert.exe with Wine...
2026-09-08 19:00:22,592 [INFO] [OddWineFixes.main]: Welcome to OddWineFixes v0.0.1 by TheOddPirate
2026-09-08 19:00:22,592 [INFO] [OddWineFixes.main]: A PE Analyser and Wine/Proton missing dependency/font fixer
2026-09-08 19:00:22,592 [INFO] [OddWineFixes.main]: License: LGPL-2.1-or-later
2026-09-08 19:00:22,592 [INFO] [OddWineFixes.main]: [+] Gattering data about the prefix and wine/proton usage....
2026-09-08 19:00:22,592 [INFO] [OddWineFixes.oddwinefixes.wine_analyser.WineEnvironment]: setting wine to:/home/theoddpirate/.local/share/Steam/compatibilitytools.d/Proton-CachyOS Latest/files/bin/wine
2026-09-08 19:00:22,592 [INFO] [OddWineFixes.oddwinefixes.wine_analyser.WineEnvironment]: setting wineserver to:/home/theoddpirate/.local/share/Steam/compatibilitytools.d/Proton-CachyOS Latest/files/bin/wineserver
2026-09-08 19:00:22,592 [INFO] [OddWineFixes.oddwinefixes.wine_analyser.WineEnvironment]: setting winecfg to:/home/theoddpirate/.local/share/Steam/compatibilitytools.d/Proton-CachyOS Latest/files/lib/wine/i386-windows/winecfg.exe
2026-09-08 19:00:22,592 [INFO] [OddWineFixes.oddwinefixes.wine_analyser.WineEnvironment]: setting winetricks to:/home/theoddpirate/.local/share/Steam/compatibilitytools.d/Proton-CachyOS Latest/protonfixes/winetricks
2026-09-08 19:00:51,047 [INFO] [OddWineFixes.main]: Welcome to OddWineFixes v0.0.1 by TheOddPirate
2026-09-08 19:00:51,048 [INFO] [OddWineFixes.main]: A PE Analyser and Wine/Proton missing dependency/font fixer
2026-09-08 19:00:51,048 [INFO] [OddWineFixes.main]: License: LGPL-2.1-or-later
2026-09-08 19:00:51,048 [INFO] [OddWineFixes.main]: [+] Gattering data about the prefix and wine/proton usage....
2026-09-08 19:00:51,048 [INFO] [OddWineFixes.oddwinefixes.wine_analyser.WineEnvironment]: setting wine to:/home/theoddpirate/.local/share/Steam/compatibilitytools.d/Proton-CachyOS Latest/files/bin/wine
2026-09-08 19:00:51,048 [INFO] [OddWineFixes.oddwinefixes.wine_analyser.WineEnvironment]: setting wineserver to:/home/theoddpirate/.local/share/Steam/compatibilitytools.d/Proton-CachyOS Latest/files/bin/wineserver
2026-09-08 19:00:51,048 [INFO] [OddWineFixes.oddwinefixes.wine_analyser.WineEnvironment]: setting winecfg to:/home/theoddpirate/.local/share/Steam/compatibilitytools.d/Proton-CachyOS Latest/files/lib/wine/i386-windows/winecfg.exe
2026-09-08 19:00:51,048 [INFO] [OddWineFixes.oddwinefixes.wine_analyser.WineEnvironment]: setting winetricks to:/home/theoddpirate/.local/share/Steam/compatibilitytools.d/Proton-CachyOS Latest/protonfixes/winetricks
2026-09-08 19:00:55,105 [INFO] [OddWineFixes.main]:  - Detected Wine/Proton version: CachyOS-11.0-100
2026-09-08 19:00:55,105 [INFO] [OddWineFixes.main]:  - Installed at: /home/theoddpirate/.local/share/Steam/compatibilitytools.d/Proton-CachyOS Latest
2026-09-08 19:00:55,105 [INFO] [OddWineFixes.main]:  - Version: Windows 11
2026-09-08 19:00:55,105 [INFO] [OddWineFixes.main]: [+] Scanning PE file for dependencies and buildin....
2026-09-08 19:00:55,105 [INFO] [OddWineFixes.oddwinefixes.pe_analyser.PEanlyser]: [+] Loading PEanalyser for: /home/theoddpirate/Games/Heroic/Installed/8BitDo_Firmware_Updater_Win/8BitDo Firmware Updater.exe
2026-09-08 19:00:55,107 [INFO] [OddWineFixes.oddwinefixes.pe_analyser.PEanlyser]: [✓] All game-bundled DLLs found on disk.
2026-09-08 19:00:55,641 [WARNING] [OddWineFixes.oddwinefixes.pe_analyser.PEanlyser]: High entropy (7.95) in section .text   . Likely packed/encrypted.
2026-09-08 19:00:55,642 [INFO] [OddWineFixes.oddwinefixes.pe_analyser.PEanlyser]: All imports (total): 1 items
2026-09-08 19:00:55,642 [INFO] [OddWineFixes.oddwinefixes.pe_analyser.PEanlyser]: OS/Wine DLLs (ignored): 0 items
2026-09-08 19:00:55,642 [INFO] [OddWineFixes.oddwinefixes.pe_analyser.PEanlyser]: Game Bundled DLLs: set()
2026-09-08 19:00:55,642 [INFO] [OddWineFixes.oddwinefixes.pe_analyser.PEanlyser]: Custom/External DLLs (Needs mapping): {'mscoree.dll'}
2026-09-08 19:00:55,642 [INFO] [OddWineFixes.oddwinefixes.pe_analyser.PEanlyser]: Custom DLLs found on disk (Reclassified): set()
2026-09-08 19:00:55,642 [INFO] [OddWineFixes.oddwinefixes.pe_analyser.PEanlyser]: Graphics API: set()
2026-09-08 19:00:55,642 [INFO] [OddWineFixes.oddwinefixes.pe_analyser.PEanlyser]: Media frameworks: set()
2026-09-08 19:00:55,642 [INFO] [OddWineFixes.oddwinefixes.pe_analyser.PEanlyser]: Architecture: x86
2026-09-08 19:00:55,642 [INFO] [OddWineFixes.oddwinefixes.pe_analyser.PEanlyser]: Is packed or encrypted? True
2026-09-08 19:00:55,642 [INFO] [OddWineFixes.oddwinefixes.pe_analyser.PEanlyser]: Is .NET? True
2026-09-08 19:00:55,642 [INFO] [OddWineFixes.oddwinefixes.pe_analyser.PEanlyser]: Min Windows version: win_v6.0
2026-09-08 19:00:55,642 [INFO] [OddWineFixes.oddwinefixes.pe_analyser.PEanlyser]: Version info metadata: {'Comments': '', 'CompanyName': '', 'FileDescription': '8BitDo Firmware Updater', 'FileVersion': '1.0.0.0', 'InternalName': '8BitDo Firmware Updater.exe', 'LegalCopyright': 'Copyright ©  2018', 'LegalTrademarks': '', 'OriginalFilename': '8BitDo Firmware Updater.exe', 'ProductName': '8BitDo Firmware Updater', 'ProductVersion': '1.0.0.0', 'Assembly Version': '1.0.0.0'}
2026-09-08 19:00:55,642 [INFO] [OddWineFixes.oddwinefixes.pe_analyser.PEanlyser]: Determined build year: 2025
2026-09-08 19:00:55,642 [INFO] [OddWineFixes.main]:  - Detected build year: 2025
2026-09-08 19:00:55,642 [INFO] [OddWineFixes.main]: [+] Checking prefix for missing dependencies for: mscoree.dll
2026-09-08 19:00:55,642 [INFO] [OddWineFixes.main]: [+] Analyzing mscoree.dll:
2026-09-08 19:00:55,642 [INFO] [OddWineFixes.main]:  - Installed in prefix: ['dotnetdesktop8', 'dotnetdesktop7', 'dotnetdesktop6', 'dotnet7', 'dotnet6', 'dotnet48', 'dotnet40']
2026-09-08 19:00:55,642 [INFO] [OddWineFixes.main]:  - Available options in Winetricks: dotnetdesktop9, dotnetdesktop10, dotnet9, dotnet8, dotnet472, dotnet471, dotnet462, dotnet461, dotnet46, dotnet452, dotnet45, dotnet35, dotnet30, dotnet20, dotnet11, dotnet10
2026-09-08 19:00:55,642 [INFO] [OddWineFixes.main]: [+] All detected DLLs already have a matching runtime installed:
2026-09-08 19:00:55,642 [INFO] [OddWineFixes.main]:  - mscoree.dll -> Found in prefix: dotnetdesktop8, dotnetdesktop7, dotnetdesktop6, dotnet7, dotnet6, dotnet48, dotnet40
2026-09-08 19:00:55,642 [INFO] [OddWineFixes.oddwinefixes.wine_analyser.WineTester]: [>] Launching 8BitDo Firmware Updater.exe with Wine...
2026-09-08 19:01:01,347 [INFO] [OddWineFixes.oddwinefixes.wine_analyser.WineTester]: 
[!] Font issue suspected during execution.
